[staticdevelopers.com/static-fivepd-2/index.html]
[backblue.gif]
[fade.gif]
[index.html]
[staticdevelopers.com/wp-content/themes/Divi/includes/builder/styles/images/preloader.gif]
[staticdevelopers.com/wp-content/plugins/revslider/public/js/libs/tptoolse00b.js]
[staticdevelopers.com/wp-content/plugins/revslider/public/js/sr7e00b.js]
[i0.wp.com/staticdevelopers.com/wp-content/uploads/2025/07/cropped-Untitled-design-5e43b.png]
[i0.wp.com/staticdevelopers.com/wp-content/uploads/2025/07/cropped-Untitled-design-598d8.png]
[i0.wp.com/staticdevelopers.com/wp-content/uploads/2025/07/cropped-Untitled-design-5f9b5.png]
[staticdevelopers.com/static-fivepd-2/revslider/revslider.c.delayed]
[staticdevelopers.com/static-fivepd-2/${e.d1d2c.delayed]
[staticdevelopers.com/wp-content/uploads/2023/12/Untitled-design-14.png]
[i0.wp.com/staticdevelopers.com/wp-content/uploads/2024/12/Screenshot_4529f1.png]
[i0.wp.com/staticdevelopers.com/wp-content/uploads/2024/05/ai_generator10_icon_white_padding5cfe.png]
[i0.wp.com/staticdevelopers.com/wp-content/uploads/2024/05/ai_generator04_icon_white_padding5cfe.png]
[i0.wp.com/staticdevelopers.com/wp-content/uploads/2024/05/ai_generator09_icon_white_padding5cfe.png]
[staticdevelopers.com/wp-includes/js/jquery/jquery.minf43b.js]
[staticdevelopers.com/wp-includes/js/jquery/jquery-migrate.min5589.js]
[staticdevelopers.com/wp-content/plugins/creative-mail-by-constant-contact/assets/js/block/submit44bd.js]
[staticdevelopers.com/wp-content/themes/Divi/js/scripts.min64f2.js]
[staticdevelopers.com/wp-content/themes/Divi/includes/builder/feature/dynamic-assets/assets/js/jquery.fitvids64f2.js]
[staticdevelopers.com/wp-content/plugins/revslider/admin/includes/shortcode_generator/divi/scripts/frontend-bundle.min8a54.js]
[staticdevelopers.com/wp-content/plugins/wp-statistics/assets/js/trackerdd32.js]
[staticdevelopers.com/wp-content/themes/Divi/core/admin/js/common64f2.js]
[stats.wp.com/e-202605.js]
[staticdevelopers.com/wp-content/plugins/revslider-fluiddynamics-addon/public/js/fluiddynamics.mine00b.js]
[staticdevelopers.com/wp-content/plugins/revslider-mousetrap-addon/public/js/mousetrap.mine00b.js]
[staticdevelopers.com/wp-content/plugins/revslider-fluiddynamics-addon/public/js/fluiddynamics.min.js]
[staticdevelopers.com/wp-content/plugins/revslider-mousetrap-addon/public/js/mousetrap.min.js]
[staticdevelopers.com/static-fivepd-2/index.html]
[staticdevelopers.com/wp-content/plugins/paid-memberships-pro/css/frontend/base1aae.css]
[staticdevelopers.com/wp-content/plugins/paid-memberships-pro/css/frontend/variation_11aae.css]
[staticdevelopers.com/wp-content/plugins/revslider/public/css/sr7e00b.css]
[staticdevelopers.com/wp-content/plugins/wp-stats-manager/css/style62ea.css]
[staticdevelopers.com/wp-content/et-cache/414/et-divi-dynamic-414bb2d.css]
[staticdevelopers.com/wp-content/plugins/revslider/admin/includes/shortcode_generator/divi/styles/style.min8a54.css]
[staticdevelopers.com/static-fivepd-2/revslider/revslider.html]
[staticdevelopers.com/static-fivepd-2/${e1d2c.html]
